I'm sorry, but errors were detected in your script. Please correct the
errors listed below, and try again.


File "game/day1.rpy", line 104: expected statement.
    Player_skill -= 1
                  ^

Ren'Py Version: Ren'Py 8.3.8.25031801+nightly
Sun Apr 13 18:48:23 2025
